------------------------------------------------------------
Timing Analyzer Summary
------------------------------------------------------------

Type  : Slow 1200mV 85C Model Setup 'Clk'
Slack : -3.310
TNS   : -12.247

Type  : Slow 1200mV 85C Model Setup 'divClk'
Slack : -0.662
TNS   : -3.149

Type  : Slow 1200mV 85C Model Hold 'Clk'
Slack : 0.341
TNS   : 0.000

Type  : Slow 1200mV 85C Model Hold 'divClk'
Slack : 0.342
TNS   : 0.000

Type  : Slow 1200mV 85C Model Minimum Pulse Width 'Clk'
Slack : -3.000
TNS   : -19.836

Type  : Slow 1200mV 85C Model Minimum Pulse Width 'divClk'
Slack : -3.000
TNS   : -10.015

Type  : Slow 1200mV 0C Model Setup 'Clk'
Slack : -3.012
TNS   : -10.319

Type  : Slow 1200mV 0C Model Setup 'divClk'
Slack : -0.502
TNS   : -2.389

Type  : Slow 1200mV 0C Model Hold 'Clk'
Slack : 0.306
TNS   : 0.000

Type  : Slow 1200mV 0C Model Hold 'divClk'
Slack : 0.306
TNS   : 0.000

Type  : Slow 1200mV 0C Model Minimum Pulse Width 'Clk'
Slack : -3.000
TNS   : -19.836

Type  : Slow 1200mV 0C Model Minimum Pulse Width 'divClk'
Slack : -3.000
TNS   : -10.015

Type  : Fast 1200mV 0C Model Setup 'Clk'
Slack : -0.975
TNS   : -1.924

Type  : Fast 1200mV 0C Model Setup 'divClk'
Slack : 0.232
TNS   : 0.000

Type  : Fast 1200mV 0C Model Hold 'Clk'
Slack : 0.149
TNS   : 0.000

Type  : Fast 1200mV 0C Model Hold 'divClk'
Slack : 0.149
TNS   : 0.000

Type  : Fast 1200mV 0C Model Minimum Pulse Width 'Clk'
Slack : -3.000
TNS   : -15.332

Type  : Fast 1200mV 0C Model Minimum Pulse Width 'divClk'
Slack : -3.000
TNS   : -8.130

------------------------------------------------------------
